rm -f collider src/main.o src/pdf_io.o src/table.o src/attack_serial.o src/attack_parallel.o src/toy_hash.o
gcc -O3 -std=c11 -Wall -Wextra -pedantic -fopenmp -c -o src/main.o src/main.c
gcc -O3 -std=c11 -Wall -Wextra -pedantic -fopenmp -c -o src/pdf_io.o src/pdf_io.c
gcc -O3 -std=c11 -Wall -Wextra -pedantic -fopenmp -c -o src/table.o src/table.c
gcc -O3 -std=c11 -Wall -Wextra -pedantic -fopenmp -c -o src/attack_serial.o src/attack_serial.c
gcc -O3 -std=c11 -Wall -Wextra -pedantic -fopenmp -c -o src/attack_parallel.o src/attack_parallel.c
gcc -O3 -std=c11 -Wall -Wextra -pedantic -fopenmp -c -o src/toy_hash.o src/toy_hash.c
gcc -fopenmp -o collider src/main.o src/pdf_io.o src/table.o src/attack_serial.o src/attack_parallel.o src/toy_hash.o
=== 1_kilo: 2 threads, repetition 1 ===
files/1_kilo_a.pdf : 0x00000000002ebe69 4194cb63c1fb
files/1_kilo_b.pdf : 0x00000000043bcb0d 4194cb63c1fb
Phase A: 544.088049 seconds
Phase B: 254.244179 seconds
Total time: 798.387383 seconds
=== 1_kilo: 2 threads, repetition 2 ===
files/1_kilo_a.pdf : 0x00000000002ebe69 4194cb63c1fb
files/1_kilo_b.pdf : 0x00000000043bcb0d 4194cb63c1fb
Phase A: 547.458848 seconds
Phase B: 254.352723 seconds
Total time: 801.869345 seconds
=== 1_kilo: 2 threads, repetition 3 ===
files/1_kilo_a.pdf : 0x00000000002ebe69 4194cb63c1fb
files/1_kilo_b.pdf : 0x00000000043bcb0d 4194cb63c1fb
Phase A: 544.517296 seconds
Phase B: 254.336593 seconds
Total time: 798.918875 seconds
Scaling test complete.
